// Jest Snapshot v1, https://goo.gl/fbAQLP

exports[`AccountPage component should match snapshot 1`] = `ShallowWrapper {}`;
