// Jest Snapshot v1, https://goo.gl/fbAQLP

exports[`Homepage component should cmatch snapshot 1`] = `ShallowWrapper {}`;
