// Jest Snapshot v1, https://goo.gl/fbAQLP

exports[`Navbar page should match snapshot 1`] = `ShallowWrapper {}`;
